// Jest Snapshot v1, https://goo.gl/fbAQLP

exports[`extracts sitemap links correctly 1`] = `
Array [
  "https://ersh.su/",
  "https://ersh.su/page/delivery",
  "https://ersh.su/site/gallery",
  "https://ersh.su/page/restaurants",
  "https://ersh.su/actions",
  "https://ersh.su/shop/novinki",
  "https://ersh.su/shop/zakuski",
  "https://ersh.su/shop/salatyi",
  "https://ersh.su/shop/supyi",
  "https://ersh.su/shop/dlya_bolshih_kompaniy",
  "https://ersh.su/shop/ryba",
  "https://ersh.su/shop/shashliki_i_mangal",
  "https://ersh.su/shop/goracee",
  "https://ersh.su/shop/pasty",
  "https://ersh.su/shop/kolbaski",
  "https://ersh.su/shop/garniry-i-sousy",
  "https://ersh.su/shop/desertyi",
  "https://ersh.su/shop/detskoye_menyu",
  "https://ersh.su/shop/lanci",
  "https://ersh.su/shop/napitki",
  "https://ersh.su/shop/dogotov",
  "https://ersh.su/shop/product/kapusta_tushenaya_belaya",
  "https://ersh.su/shop/product/kartofel_po-derevenski",
  "https://ersh.su/shop/product/kartofelnoe_pyure",
  "https://ersh.su/shop/product/kartofel_fri",
  "https://ersh.su/shop/product/apelsinovyiy",
  "https://ersh.su/shop/product/yablochnyiy",
  "https://ersh.su/shop/product/tomatnyiy",
  "https://ersh.su/shop/product/greypfrutovyiy",
  "https://ersh.su/shop/product/persikovyiy",
  "https://ersh.su/shop/product/vishnevyiy",
  "https://ersh.su/shop/product/ananasovyiy_sok",
  "https://ersh.su/shop/product/seld_s_lukom",
  "https://ersh.su/shop/product/granatovyiy_sok",
  "https://ersh.su/shop/product/apelsinovyiy_sok_2",
  "https://ersh.su/shop/product/greypfrutovyiy_sok_2",
  "https://ersh.su/shop/product/morkovnyiy_sok_2",
  "https://ersh.su/shop/product/seldereevyiy_sok_2",
  "https://ersh.su/shop/product/yablochnyiy_sok_2",
  "https://ersh.su/shop/product/kvas_hlebnyiy_2",
  "https://ersh.su/shop/product/mors_vishnevyiy_2",
  "https://ersh.su/shop/product/mors_klyukvennyiy_2",
  "https://ersh.su/shop/product/steyk_iz_semgi_2",
  "https://ersh.su/shop/product/tsyiplenok_tabaka_2",
  "https://ersh.su/shop/product/koltsa_kalmarov_ostryie_2",
  "https://ersh.su/shop/product/tsezar_s_kuritsey",
  "https://ersh.su/shop/product/salat_grecheskiy",
  "https://ersh.su/shop/product/adzika-ostraa",
  "https://ersh.su/shop/product/barbekyu",
  "https://ersh.su/shop/product/gorchitsa",
  "https://ersh.su/shop/product/narsharab",
  "https://ersh.su/shop/product/salsa",
  "https://ersh.su/shop/product/tkemali",
  "https://ersh.su/shop/product/chesnochnyiy",
  "https://ersh.su/shop/product/solenya_domashnie_2",
  "https://ersh.su/shop/product/kompot_iz_suhofruktov_2",
  "https://ersh.su/shop/product/prajskie_kolbaski_2",
  "https://ersh.su/shop/product/krevetki_po-bavarski",
  "https://ersh.su/shop/product/seld_pod_shuboy",
  "https://ersh.su/shop/product/shashlyik_svinoy_2",
  "https://ersh.su/shop/product/shashlyik_kurinyiy_2",
  "https://ersh.su/shop/product/varene_vishnevoe",
  "https://ersh.su/shop/product/varene_iz_chyornoy_smorodinyi",
  "https://ersh.su/shop/product/varene_malinovoe",
  "https://ersh.su/shop/product/koryushka",
  "https://ersh.su/shop/product/vobla_3",
  "https://ersh.su/shop/product/forel_3",
  "https://ersh.su/shop/product/befstroganov_s_kartofelnyim_pyure_4",
  "https://ersh.su/shop/product/pelmeni-po-carski",
  "https://ersh.su/shop/product/kuritsa_s_ovoschami_3",
  "https://ersh.su/shop/product/krevetki_otvarnyie_3",
  "https://ersh.su/shop/product/salat_stolichnyiy_3",
  "https://ersh.su/shop/product/borsch_po_-_moskovski_3",
  "https://ersh.su/shop/product/kurinaya_lapsha_3",
  "https://ersh.su/shop/product/uha_yorsh_3",
  "https://ersh.su/shop/product/salo_ukrainskoe_3",
  "https://ersh.su/shop/product/fruktovoe_assorti_3",
  "https://ersh.su/shop/product/bluchiz",
  "https://ersh.su/shop/product/kotleta_po-kievski_4",
  "https://ersh.su/shop/product/svinaa-rulka-po-bavarski",
  "https://ersh.su/shop/product/akva_minerali_bez",
  "https://ersh.su/shop/product/akva_minerali",
  "https://ersh.su/shop/product/amerikanskii",
  "https://ersh.su/shop/product/rebra-dzek-deniels",
  "https://ersh.su/shop/product/kurinie_krilya_bbq",
  "https://ersh.su/shop/product/grenki_chernyie_chesnochnyie_4",
  "https://ersh.su/shop/product/sirnaia_tarelka",
  "https://ersh.su/shop/product/riapyshka_gor",
  "https://ersh.su/shop/product/lulia_iz_svinini_i_kurichi",
  "https://ersh.su/shop/product/chizkeik_klybnichnii",
  "https://ersh.su/shop/product/tar_tar",
  "https://ersh.su/shop/product/pepsi",
  "https://ersh.su/shop/product/7_ap",
  "https://ersh.su/shop/product/mirinda",
  "https://ersh.su/shop/product/lipton_limon",
  "https://ersh.su/shop/product/lipton_persik",
  "https://ersh.su/shop/product/limonad_tarhun",
  "https://ersh.su/shop/product/ananas",
  "https://ersh.su/shop/product/gribnoi_s",
  "https://ersh.su/shop/product/bulochki_s_maslom",
  "https://ersh.su/shop/product/fasol",
  "https://ersh.su/shop/product/smetana_",
  "https://ersh.su/shop/product/cezer_s_krevet",
  "https://ersh.su/shop/product/salat-iz-ovosej-i-zeleni",
  "https://ersh.su/shop/product/krilia_chili",
  "https://ersh.su/shop/product/kamamber",
  "https://ersh.su/shop/product/sir_palochki",
  "https://ersh.su/shop/product/kare_yagnenka_",
  "https://ersh.su/shop/product/shashlik_baranina",
  "https://ersh.su/shop/product/shashlik_telyatina",
  "https://ersh.su/shop/product/shashlik_losos",
  "https://ersh.su/shop/product/kartofel-gril",
  "https://ersh.su/shop/product/medalom_govyadina",
  "https://ersh.su/shop/product/lulya_telyatina_baranina",
  "https://ersh.su/shop/product/dorada-gril",
  "https://ersh.su/shop/product/shashlik_kalmar",
  "https://ersh.su/shop/product/ovosi-gril",
  "https://ersh.su/shop/product/shashlik_gribi",
  "https://ersh.su/shop/product/talatelle-s-moreproduktami-v-slivocnom-souse",
  "https://ersh.su/shop/product/kartofel-po-domasnemu",
  "https://ersh.su/shop/product/assorti_kolbasok",
  "https://ersh.su/shop/product/ohotnichi_kolbaski",
  "https://ersh.su/shop/product/vengerskie_kolbaski",
  "https://ersh.su/shop/product/start_set",
  "https://ersh.su/shop/product/ersh_set",
  "https://ersh.su/shop/product/gril_set",
  "https://ersh.su/shop/product/extra_set",
  "https://ersh.su/shop/product/mango_marakuiya_",
  "https://ersh.su/shop/product/tiramisy__3",
  "https://ersh.su/shop/product/ovoshnaya_narezka",
  "https://ersh.su/shop/product/okun_kopchenii",
  "https://ersh.su/shop/product/salat-bavarskij",
  "https://ersh.su/shop/product/assorti_iz_hrustyashei_ribi",
  "https://ersh.su/shop/product/kukuruza_gril",
  "https://ersh.su/shop/product/spagetti_karbonara1",
  "https://ersh.su/shop/product/steik_iz_paltusa",
  "https://ersh.su/shop/product/burger_makgregor",
  "https://ersh.su/shop/product/chorizo",
  "https://ersh.su/shop/product/grecheskie",
  "https://ersh.su/shop/product/domashnie",
  "https://ersh.su/shop/product/kartofel-po-ohotnici",
  "https://ersh.su/shop/product/skumbrii",
  "https://ersh.su/shop/product/solyanka",
  "https://ersh.su/shop/product/skumbriya_gril",
  "https://ersh.su/shop/product/fetuchini_sgribami",
  "https://ersh.su/shop/product/golen_yadnenka",
  "https://ersh.su/shop/product/barbaris",
  "https://ersh.su/shop/product/sirniki_so_smetanoy",
  "https://ersh.su/shop/product/malosolnye-ogurciki",
  "https://ersh.su/shop/product/kartofel_aydakho",
  "https://ersh.su/shop/product/Kartofel'nyye_chipsy",
  "https://ersh.su/shop/product/Assorti_snekov",
  "https://ersh.su/shop/product/stejk-top-blejd",
  "https://ersh.su/shop/product/Pechenaya_kartoshka_s_gribami_i_syrom",
  "https://ersh.su/shop/product/Domashniy_shokoladnyy_biskvit",
  "https://ersh.su/shop/product/sup-alfavit-s-frikadelkami",
  "https://ersh.su/shop/product/borshch_kak_u_vzroslykh",
  "https://ersh.su/shop/product/Mini-chizburger",
  "https://ersh.su/shop/product/pelmeshki",
  "https://ersh.su/shop/product/Shashlychok_iz_kuritsy",
  "https://ersh.su/shop/product/teplyj-salat-s-baklazanami",
  "https://ersh.su/shop/product/kabacki-zarenye",
  "https://ersh.su/shop/product/l1",
  "https://ersh.su/shop/product/l2",
  "https://ersh.su/shop/product/xl1",
  "https://ersh.su/shop/product/xl2",
  "https://ersh.su/shop/product/m1",
  "https://ersh.su/shop/product/m2",
  "https://ersh.su/shop/product/s1",
  "https://ersh.su/shop/product/s2",
  "https://ersh.su/shop/product/stejk-salat-s-ovosami",
  "https://ersh.su/shop/product/sup-lapsa-v-stile-tom-am",
  "https://ersh.su/shop/product/zariki",
  "https://ersh.su/shop/product/stejk-traj-tip",
  "https://ersh.su/shop/product/vafelnye-trubocki-so-sgusenkoj",
  "https://ersh.su/shop/product/lula-kebab-svinina-i-kurica",
  "https://ersh.su/shop/product/lula-kebab-baranina-i-telatina",
  "https://ersh.su/shop/product/domasnie-syrniki",
  "https://ersh.su/shop/product/kotleta-po-kievski",
  "https://ersh.su/shop/product/stejk-topblejd",
  "https://ersh.su/shop/product/stejk-iz-lososa",
  "https://ersh.su/shop/product/stejk-iz-paltusa",
  "https://ersh.su/shop/product/dorada-marinovannaa",
  "https://ersh.su/shop/product/ohotnici-kolbaski",
  "https://ersh.su/shop/product/vengerskie-kolbaski",
  "https://ersh.su/shop/product/greceskie-kolbaski",
  "https://ersh.su/shop/product/svinaa-rulka",
  "https://ersh.su/shop/product/golen-agnenka",
  "https://ersh.su/shop/product/saslyk-iz-kuricy",
  "https://ersh.su/shop/product/saslyk-iz-svininy",
  "https://ersh.su/shop/product/saslyk-iz-telatiny",
  "https://ersh.su/shop/product/samolepnye-pelmeni",
  "https://ersh.su/shop/product/krevetki-dla-varki-so-speciami",
  "https://ersh.su/shop/product/limonad-dusec",
  "https://ersh.su/shop/product/ketcup",
  "https://ersh.su/shop/product/cili",
  "https://ersh.su/shop/product/hren",
  "https://ersh.su/shop/product/saslycnyj",
  "https://ersh.su/shop/product/syrnyj",
  "https://ersh.su/shop/product/majonez-cili",
  "https://ersh.su/shop/product/majonez",
  "https://ersh.su/shop/product/klukvennyj",
  "https://ersh.su/shop/product/strudel-visnevyj",
  "https://ersh.su/shop/product/pasta-s-moreproduktami",
  "https://ersh.su/shop/product/mojva",
  "https://ersh.su/shop/product/namazka-s-seldu",
  "https://ersh.su/shop/product/salat-s-avokado-i-krevetkami",
  "https://ersh.su/shop/product/namazka-s-lososem",
  "https://ersh.su/shop/product/svinina-teriaki-s-ovosami",
  "https://ersh.su/shop/product/dzerki-iz-govadiny",
  "https://ersh.su/shop/product/dzerki-iz-svininy",
  "https://ersh.su/shop/product/stejk-pikana",
  "https://ersh.su/shop/product/lukovye-kolca",
  "https://ersh.su/shop/product/valenye-kalmary-cili",
  "https://ersh.su/shop/product/rybnyj-set",
  "https://ersh.su/shop/product/kejk-pops",
  "https://ersh.su/shop/product/pesocnoe-piroznoe",
  "https://ersh.su/shop/product/midii-provansal",
  "https://ersh.su/shop/product/midii-blu-ciz",
  "https://ersh.su/shop/product/svinye-usi",
  "https://ersh.su/shop/product/syrnye-sariki",
  "https://ersh.su/shop/product/ovosnaa-solomka-assorti",
  "https://ersh.su/shop/product/lenivye-vareniki-so-smetanoj",
  "https://ersh.su/shop/product/kurinye-naggetsy",
  "https://ersh.su/shop/product/san-benedetto-bg",
  "https://ersh.su/shop/product/san-benedetto-sg",
  "https://ersh.su/shop/product/kartofelnoe-pure",
  "https://ersh.su/shop/product/kartofel-fri",
  "https://ersh.su/shop/product/kartofelnye-cipsy",
  "https://ersh.su/shop/product/kartofelnye-lodocki",
  "https://ersh.su/shop/product/ovosnoj-salat",
  "https://ersh.su/shop/product/spagetti-s-frikadelkami-i-tomatnym-sousom",
  "https://ersh.su/shop/product/smuzi-ananas-klubnika-na-mindalnym-moloke",
  "https://ersh.su/shop/product/smuzi-ananas-klubnika-na-kokosovom-moloke",
  "https://ersh.su/shop/product/abloko-banan-avokado",
  "https://ersh.su/shop/product/kefte-v-pite-s-baraninoj-i-telatinoj",
  "https://ersh.su/shop/product/kefte-v-pite-s-kuricej",
  "https://ersh.su/shop/product/stracatella-s-tomatami",
  "https://ersh.su/shop/product/sampinony-s-syrom",
  "https://ersh.su/shop/product/meze-s-baklazanom-gril",
  "https://ersh.su/shop/product/meze-iz-svezih-ovosej",
  "https://ersh.su/shop/product/meze-iz-pecenyh-ovosej",
  "https://ersh.su/shop/product/meze-s-marinovannymi-ogurcami",
  "https://ersh.su/shop/product/kefte-iz-kuricy",
  "https://ersh.su/shop/product/kefte-iz-baraniny-i-telatiny",
  "https://ersh.su/shop/product/vostocnyj-salat-s-orehami-i-granatom",
  "https://ersh.su/shop/product/salat-s-zarenym-syrom-halumi",
  "https://ersh.su/shop/product/pita",
  "https://ersh.su/shop/product/rebra-cili",
  "https://ersh.su/shop/product/rebra-bbq",
  "https://ersh.su/shop/product/firmennyj-burger",
  "https://ersh.su/shop/product/ryba-orli",
  "https://ersh.su/shop/product/kebab-telatina-baranina",
  "https://ersh.su/shop/product/kebab-kurica",
  "https://ersh.su/shop/product/dzerki-iz-kuricy",
  "https://ersh.su/shop/product/krevetki-v-firmennom-souse",
  "https://ersh.su/shop/product/limonad-kryzovnik",
  "https://ersh.su/shop/product/matnyj-limonad",
  "https://ersh.su/shop/product/limonad-krem-soda",
  "https://ersh.su/shop/product/limonad-arbuz",
  "https://ersh.su/shop/product/klassiceskij-limonad",
  "https://ersh.su/shop/product/arbuznyj-ajs-ti",
  "https://ersh.su/shop/product/masnoj-set",
  "https://ersh.su/shop/product/pepsi-maks",
  "https://ersh.su/shop/product/stejk-iz-svinoj-sei",
  "https://ersh.su/shop/product/kotleta-dla-gamburgera",
  "https://ersh.su/shop/product/domasnie-kotlety-v-panirovke",
  "https://ersh.su/shop/product/medalony-iz-govadiny-zamarinovannye",
  "https://ersh.su/shop/product/stejk-top-blejd-zamarinovannyj",
  "https://ersh.su/shop/product/kare-agnenka-zamarinovannoe",
  "https://ersh.su/shop/product/domasnie-kolbaski",
  "https://ersh.su/shop/product/krevetki-dla-grila-marinovannye",
  "https://ersh.su/shop/product/svinye-rebra-cili-zapecennye",
  "https://ersh.su/shop/product/svinye-rebra-bbq-zapecennye",
  "https://ersh.su/shop/product/kefte-iz-kuricy-s-syrom",
  "https://ersh.su/shop/product/kefte-iz-barariny-i-telatiny-s-syrom",
  "https://ersh.su/shop/product/kebab-iz-kuricy-na-spazke",
  "https://ersh.su/shop/product/kebab-iz-telatiny-i-baraniny-na-spazke",
  "https://ersh.su/shop/product/kolbaski-corizo",
  "https://ersh.su/shop/product/kolbaski-prazskie",
  "https://ersh.su/shop/product/dzerki-k-pivu-iz-kuricy",
  "https://ersh.su/shop/product/dzerki-k-pivu-iz-kalmara",
  "https://ersh.su/shop/product/dzerki-k-pivu-iz-govadiny",
  "https://ersh.su/shop/product/dzerki-k-pivu-iz-svininy",
  "https://ersh.su/shop/product/svinye-rebra-dzek-deniels-zapecennye",
  "https://ersh.su/shop/product/lipton-arbuz-i-mata",
  "https://ersh.su/shop/product/saslyk-krakovskij",
  "https://ersh.su/shop/product/okroska-na-kvase",
  "https://ersh.su/shop/product/okroska-na-kefire",
  "https://ersh.su/shop/product/zarenyj-suluguni-s-klukvennym-sousom",
  "https://ersh.su/shop/product/skumbria-holodnogo-kopcenia-s-mini-kartofelem",
  "https://ersh.su/shop/product/ikra-iz-kabackov",
  "https://ersh.su/shop/product/ciabatta",
  "https://ersh.su/shop/product/lavas-s-nacinkoj-iz-kartofela-i-gribov",
  "https://ersh.su/shop/product/sup-iz-belyh-gribov",
  "https://ersh.su/shop/product/apelsinovyj-perepel",
  "https://ersh.su/shop/product/cak-cak",
  "https://ersh.su/page/restaurants/3",
  "https://ersh.su/page/restaurants/4",
  "https://ersh.su/page/restaurants/5",
  "https://ersh.su/page/restaurants/8",
  "https://ersh.su/page/restaurants/10",
  "https://ersh.su/page/restaurants/14",
  "https://ersh.su/page/restaurants/15",
  "https://ersh.su/page/restaurants/17",
]
`;
